8,143,202 candidate pairs, 353,778 true, 109,970 Source-1 entities
  start F0.5=0.7892
  round 1 MATCH_THRESHOLD      = 0.74    F0.5=0.7910
  round 1 W_NAME               = 0.4     F0.5=0.8082
  round 1 W_NAME_TRANSLIT      = 0.4     F0.5=0.8140
  round 1 NUM_BONUS            = 0.2     F0.5=0.8188
  round 1 NUM_PENALTY          = 0.4     F0.5=0.8194
  round 1 NAME_ONLY_THRESHOLD  = 1.01    F0.5=0.8230
  round 1 ADDR_ONLY_CONT       = 1.01    F0.5=0.8275
  round 1 ADDR_ONLY_IDF        = 30.0    F0.5=0.8275
  round 1 RELATIVE_MARGIN      = 0.2     F0.5=0.8275
  round 2 MATCH_THRESHOLD      = 0.7     F0.5=0.8291
  round 2 W_NAME               = 0.4     F0.5=0.8291
  round 2 W_NAME_TRANSLIT      = 0.4     F0.5=0.8291
  round 2 NUM_BONUS            = 0.2     F0.5=0.8291
  round 2 NUM_PENALTY          = 0.4     F0.5=0.8291
  round 2 NAME_ONLY_THRESHOLD  = 1.01    F0.5=0.8291
  round 2 ADDR_ONLY_CONT       = 1.01    F0.5=0.8291
  round 2 ADDR_ONLY_IDF        = 30.0    F0.5=0.8291
  round 2 RELATIVE_MARGIN      = 0.2     F0.5=0.8291
  macro F0.5 = 0.8291 | mean precision 0.8878 | mean recall 0.7700 | singleton acc 0.6030 (6065 singletons)
best macro F0.5 on train = 0.8291
saved C:\ML challenge\er_challenge\er_challenge\output\best_params_rules.json
